python : test_admin_create_schedule_for_user 
(App.tests.test_model_consistency.ModelConsistencyTests.test_admin_create_schedule_for_user)
At line:1 char:1
+ python -m unittest App.tests.test_model_consistency -v 2>&1 | Tee-Obj ...
+ ~~~~~~~~~~~~~~~~~~~~~~~~~~~~~~~~~~~~~~~~~~~~~~~~~~~~~~~~~~~
    + CategoryInfo          : NotSpecified: (test_admin_crea...edule_for_user):String) [], RemoteException
    + FullyQualifiedErrorId : NativeCommandError
 
Test admin can create schedule for specific user. ... ok
test_full_workflow_admin_creates_schedule_with_shifts 
(App.tests.test_model_consistency.ModelConsistencyTests.test_full_workflow_admin_creates_schedule_with_shifts)
Test complete workflow: admin creates schedule for user with shifts. ... ok
test_non_admin_cannot_add_shift 
(App.tests.test_model_consistency.ModelConsistencyTests.test_non_admin_cannot_add_shift)
Test that non-admin users cannot add shifts. ... ok
test_non_admin_cannot_create_schedule 
(App.tests.test_model_consistency.ModelConsistencyTests.test_non_admin_cannot_create_schedule)
Test that non-admin users cannot create schedules. ... ok
test_schedule_created_at_timezone_aware 
(App.tests.test_model_consistency.ModelConsistencyTests.test_schedule_created_at_timezone_aware)
Test that Schedule.created_at uses timezone-aware datetime. ... ok
test_schedule_creator_relationship 
(App.tests.test_model_consistency.ModelConsistencyTests.test_schedule_creator_relationship)
Test Schedule.creator relationship works correctly. ... ok
test_schedule_get_json_includes_user_id 
(App.tests.test_model_consistency.ModelConsistencyTests.test_schedule_get_json_includes_user_id)
Test that Schedule.get_json() includes user_id field. ... ok
test_schedule_get_json_user_id_none 
(App.tests.test_model_consistency.ModelConsistencyTests.test_schedule_get_json_user_id_none)
Test that Schedule.get_json() handles None user_id. ... ok
test_schedule_json_complete (App.tests.test_model_consistency.ModelConsistencyTests.test_schedule_json_complete)
Test that schedule JSON contains all expected fields. ... ok
test_schedule_user_relationship 
(App.tests.test_model_consistency.ModelConsistencyTests.test_schedule_user_relationship)
Test Schedule.user relationship works correctly. ... ok
test_shift_staff_relationship_polymorphic 
(App.tests.test_model_consistency.ModelConsistencyTests.test_shift_staff_relationship_polymorphic)
Test that Shift.staff relationship works with User polymorphism. ... ok
test_staff_shifts_backref (App.tests.test_model_consistency.ModelConsistencyTests.test_staff_shifts_backref)
Test that Staff can access shifts via backref. ... ok
test_user_get_json_admin (App.tests.test_model_consistency.ModelConsistencyTests.test_user_get_json_admin)
Test that Admin inherits get_json() properly. ... ok
test_user_get_json_base_user (App.tests.test_model_consistency.ModelConsistencyTests.test_user_get_json_base_user)
Test that base User has get_json() method. ... ok
test_user_get_json_staff (App.tests.test_model_consistency.ModelConsistencyTests.test_user_get_json_staff)
Test that Staff overrides get_json() with additional fields. ... ok

----------------------------------------------------------------------
Ran 15 tests in 11.122s

OK
